#-----------------------------------------------------------
# Webtalk v2017.3 (64-bit)
# SW Build 2018833 on Wed Oct  4 19:58:07 MDT 2017
# IP Build 2016188 on Wed Oct  4 21:52:56 MDT 2017
# Start of session at: Sat Jan  6 13:57:02 2018
# Process ID: 23347
# Current directory: /home/limuyang1999/Desktop/Computer Architecture Task 2/Riscv-cpu Project/Riscv-cpu Project.sim/sim_1/behav/xsim
# Command line: wbtcv -mode batch -source /home/limuyang1999/Desktop/Computer Architecture Task 2/Riscv-cpu Project/Riscv-cpu Project.sim/sim_1/behav/xsim/xsim.dir/openmips_min_sopc_tb_behav/webtalk/xsim_webtalk.tcl -notrace
# Log file: /home/limuyang1999/Desktop/Computer Architecture Task 2/Riscv-cpu Project/Riscv-cpu Project.sim/sim_1/behav/xsim/webtalk.log
# Journal file: /home/limuyang1999/Desktop/Computer Architecture Task 2/Riscv-cpu Project/Riscv-cpu Project.sim/sim_1/behav/xsim/webtalk.jou
#-----------------------------------------------------------
source /home/limuyang1999/Desktop/Computer -notrace
